[    0.000000] Linux version 4.15.0-45-generic (buildd@lgw01-amd64-031) (gcc version 7.3.0 (Ubuntu 7.3.0-16ubuntu3)) #48-Ubuntu SMP Tue Jan 29 16:28:13 UTC 2019 (Ubuntu 4.15.0-45.48-generic 4.15.18)
[    0.000000] Command line: BOOT_IMAGE=/boot/vmlinuz-4.15.0-45-generic root=UUID=18bf03da-993a-4f73-bf89-910bdd3f0d75 ro console=tty1 console=ttyS0
[    0.000000] KERNEL supported cpus:
[    0.000000]   Intel GenuineIntel
[    0.000000]   AMD AuthenticAMD
[    0.000000]   Centaur CentaurHauls
[    0.000000] x86/fpu: Supporting XSAVE feature 0x001: 'x87 floating point registers'
[    0.000000] x86/fpu: Supporting XSAVE feature 0x002: 'SSE registers'
[    0.000000] x86/fpu: Supporting XSAVE feature 0x004: 'AVX registers'
[    0.000000] x86/fpu: xstate_offset[2]:  576, xstate_sizes[2]:  256
[    0.000000] x86/fpu: Enabled xstate features 0x7, context size is 832 bytes, using 'standard' format.
[    0.000000] e820: BIOS-provided physical RAM map:
[    0.000000] BIOS-e820: [mem 0x0000000000000000-0x000000000009fbff] usable
[    0.000000] BIOS-e820: [mem 0x000000000009fc00-0x000000000009ffff] reserved
[    0.000000] BIOS-e820: [mem 0x00000000000f0000-0x00000000000fffff] reserved
[    0.000000] BIOS-e820: [mem 0x0000000000100000-0x000000003ffeffff] usable
[    0.000000] BIOS-e820: [mem 0x000000003fff0000-0x000000003fffffff] ACPI data
[    0.000000] BIOS-e820: [mem 0x00000000fec00000-0x00000000fec00fff] reserved
[    0.000000] BIOS-e820: [mem 0x00000000fee00000-0x00000000fee00fff] reserved
[    0.000000] BIOS-e820: [mem 0x00000000fffc0000-0x00000000ffffffff] reserved
[    0.000000] NX (Execute Disable) protection: active
[    0.000000] SMBIOS 2.5 present.
[    0.000000] DMI: innotek GmbH VirtualBox/VirtualBox, BIOS VirtualBox 12/01/2006
[    0.000000] Hypervisor detected: KVM
[    0.000000] e820: last_pfn = 0x3fff0 max_arch_pfn = 0x400000000
[    0.000000] MTRR: Disabled
[    0.000000] x86/PAT: MTRRs disabled, skipping PAT initialization too.
[    0.000000] CPU MTRRs all blank - virtualized system.
[    0.000000] x86/PAT: Configuration [0-7]: WB  WT  UC- UC  WB  WT  UC- UC  
[    0.000000] found SMP MP-table at [mem 0x0009fff0-0x0009ffff] mapped at [        (ptrval)]
[    0.000000] Scanning 1 areas for low memory corruption
[    0.000000] RAMDISK: [mem 0x359d5000-0x36ce1fff]
[    0.000000] ACPI: Early table checksum verification disabled
[    0.000000] ACPI: RSDP 0x00000000000E0000 000024 (v02 VBOX  )
[    0.000000] ACPI: XSDT 0x000000003FFF0030 00003C (v01 VBOX   VBOXXSDT 00000001 ASL  00000061)
[    0.000000] ACPI: FACP 0x000000003FFF00F0 0000F4 (v04 VBOX   VBOXFACP 00000001 ASL  00000061)
[    0.000000] ACPI: DSDT 0x000000003FFF0470 0021FF (v02 VBOX   VBOXBIOS 00000002 INTL 20100528)
[    0.000000] ACPI: FACS 0x000000003FFF0200 000040
[    0.000000] ACPI: FACS 0x000000003FFF0200 000040
[    0.000000] ACPI: APIC 0x000000003FFF0240 00005C (v02 VBOX   VBOXAPIC 00000001 ASL  00000061)
[    0.000000] ACPI: SSDT 0x000000003FFF02A0 0001CC (v01 VBOX   VBOXCPUT 00000002 INTL 20100528)
[    0.000000] No NUMA configuration found
[    0.000000] Faking a node at [mem 0x0000000000000000-0x000000003ffeffff]
[    0.000000] NODE_DATA(0) allocated [mem 0x3ffc5000-0x3ffeffff]
[    0.000000] kvm-clock: cpu 0, msr 0:3ff44001, primary cpu clock
[    0.000000] kvm-clock: Using msrs 4b564d01 and 4b564d00
[    0.000000] kvm-clock: using sched offset of 9136659862 cycles
[    0.000000] clocksource: kvm-clock: mask: 0xffffffffffffffff max_cycles: 0x1cd42e4dffb, max_idle_ns: 881590591483 ns
[    0.000000] Zone ranges:
[    0.000000]   DMA      [mem 0x0000000000001000-0x0000000000ffffff]
[    0.000000]   DMA32    [mem 0x0000000001000000-0x000000003ffeffff]
[    0.000000]   Normal   empty
[    0.000000]   Device   empty
[    0.000000] Movable zone start for each node
[    0.000000] Early memory node ranges
[    0.000000]   node   0: [mem 0x0000000000001000-0x000000000009efff]
[    0.000000]   node   0: [mem 0x0000000000100000-0x000000003ffeffff]
[    0.000000] Reserved but unavailable: 114 pages
[    0.000000] Initmem setup node 0 [mem 0x0000000000001000-0x000000003ffeffff]
[    0.000000] ACPI: PM-Timer IO Port: 0x4008
[    0.000000] IOAPIC[0]: apic_id 2, version 32, address 0xfec00000, GSI 0-23
[    0.000000] ACPI: INT_SRC_OVR (bus 0 bus_irq 0 global_irq 2 dfl dfl)
[    0.000000] ACPI: INT_SRC_OVR (bus 0 bus_irq 9 global_irq 9 low level)
[    0.000000] Using ACPI (MADT) for SMP configuration information
[    0.000000] smpboot: Allowing 2 CPUs, 0 hotplug CPUs
[    0.000000] PM: Registered nosave memory: [mem 0x00000000-0x00000fff]
[    0.000000] PM: Registered nosave memory: [mem 0x0009f000-0x0009ffff]
[    0.000000] PM: Registered nosave memory: [mem 0x000a0000-0x000effff]
[    0.000000] PM: Registered nosave memory: [mem 0x000f0000-0x000fffff]
[    0.000000] e820: [mem 0x40000000-0xfebfffff] available for PCI devices
[    0.000000] Booting paravirtualized kernel on KVM
[    0.000000] clocksource: refined-jiffies: mask: 0xffffffff max_cycles: 0xffffffff, max_idle_ns: 7645519600211568 ns
[    0.000000] random: get_random_bytes called from start_kernel+0x99/0x4fd with crng_init=0
[    0.000000] setup_percpu: NR_CPUS:8192 nr_cpumask_bits:2 nr_cpu_ids:2 nr_node_ids:1
[    0.000000] percpu: Embedded 46 pages/cpu @        (ptrval) s151552 r8192 d28672 u1048576
[    0.000000] PV qspinlock hash table entries: 256 (order: 0, 4096 bytes)
[    0.000000] Built 1 zonelists, mobility grouping on.  Total pages: 257913
[    0.000000] Policy zone: DMA32
[    0.000000] Kernel command line: BOOT_IMAGE=/boot/vmlinuz-4.15.0-45-generic root=UUID=18bf03da-993a-4f73-bf89-910bdd3f0d75 ro console=tty1 console=ttyS0
[    0.000000] Memory: 983076K/1048120K available (12300K kernel code, 2473K rwdata, 4252K rodata, 2408K init, 2416K bss, 65044K reserved, 0K cma-reserved)
[    0.000000] SLUB: HWalign=64, Order=0-3, MinObjects=0, CPUs=2, Nodes=1
[    0.000000] Kernel/User page tables isolation: enabled
[    0.000000] ftrace: allocating 39194 entries in 154 pages
[    0.004000] Hierarchical RCU implementation.
[    0.004000] 	RCU restricting CPUs from NR_CPUS=8192 to nr_cpu_ids=2.
[    0.004000] 	Tasks RCU enabled.
[    0.004000] RCU: Adjusting geometry for rcu_fanout_leaf=16, nr_cpu_ids=2
[    0.004000] NR_IRQS: 524544, nr_irqs: 440, preallocated irqs: 16
[    0.004000] Console: colour VGA+ 80x25
[    0.004000] console [tty1] enabled
[    0.004000] console [ttyS0] enabled
[    0.004000] ACPI: Core revision 20170831
[    0.004000] ACPI: 2 ACPI AML tables successfully acquired and loaded
[    0.004000] APIC: Switch to symmetric I/O mode setup
[    0.009364] x2apic enabled
[    0.012030] Switched APIC routing to physical x2apic.
[    0.027743] ..TIMER: vector=0x30 apic1=0 pin1=2 apic2=-1 pin2=-1
[    0.028022] tsc: Detected 2400.000 MHz processor
[    0.032050] Calibrating delay loop (skipped) preset value.. 4800.00 BogoMIPS (lpj=9600000)
[    0.036030] pid_max: default: 32768 minimum: 301
[    0.040188] Security Framework initialized
[    0.044023] Yama: becoming mindful.
[    0.048146] AppArmor: AppArmor initialized
[    0.056245] Dentry cache hash table entries: 131072 (order: 8, 1048576 bytes)
[    0.060303] Inode-cache hash table entries: 65536 (order: 7, 524288 bytes)
[    0.064102] Mount-cache hash table entries: 2048 (order: 2, 16384 bytes)
[    0.068056] Mountpoint-cache hash table entries: 2048 (order: 2, 16384 bytes)
[    0.073365] mce: CPU supports 0 MCE banks
[    0.076106] Last level iTLB entries: 4KB 64, 2MB 8, 4MB 8
[    0.080022] Last level dTLB entries: 4KB 64, 2MB 0, 4MB 0, 1GB 4
[    0.084019] Spectre V2 : Mitigation: Full generic retpoline
[    0.088018] Spectre V2 : Spectre v2 / SpectreRSB mitigation: Filling RSB on context switch
[    0.092020] Speculative Store Bypass: Vulnerable
[    0.100281] Freeing SMP alternatives memory: 36K
[    0.116000] smpboot: CPU0: Intel(R) Core(TM) i5-6200U CPU @ 2.30GHz (family: 0x6, model: 0x4e, stepping: 0x3)
[    0.116352] Performance Events: unsupported p6 CPU model 78 no PMU driver, software events only.
[    0.120218] Hierarchical SRCU implementation.
[    0.128742] NMI watchdog: Perf event create on CPU 0 failed with -2
[    0.132015] NMI watchdog: Perf NMI watchdog permanently disabled
[    0.140023] smp: Bringing up secondary CPUs ...
[    0.144341] x86: Booting SMP configuration:
[    0.148019] .... node  #0, CPUs:      #1
[    0.004000] kvm-clock: cpu 1, msr 0:3ff44041, secondary cpu clock
[    0.004000] mce: CPU supports 0 MCE banks
[    0.208098] smp: Brought up 1 node, 2 CPUs
[    0.212025] smpboot: Max logical packages: 1
[    0.216021] smpboot: Total of 2 processors activated (9600.00 BogoMIPS)
[    0.220457] devtmpfs: initialized
[    0.224237] x86/mm: Memory block size: 128MB
[    0.232051] evm: security.selinux
[    0.236017] evm: security.SMACK64
[    0.240015] evm: security.SMACK64EXEC
[    0.244016] evm: security.SMACK64TRANSMUTE
[    0.248015] evm: security.SMACK64MMAP
[    0.252013] evm: security.apparmor
[    0.256023] evm: security.ima
[    0.260057] evm: security.capability
[    0.268390] clocksource: jiffies: mask: 0xffffffff max_cycles: 0xffffffff, max_idle_ns: 7645041785100000 ns
[    0.272041] futex hash table entries: 512 (order: 3, 32768 bytes)
[    0.280195] pinctrl core: initialized pinctrl subsystem
[    0.292862] RTC time:  9:34:35, date: 02/24/19
[    0.296917] NET: Registered protocol family 16
[    0.300475] audit: initializing netlink subsys (disabled)
[    0.304228] audit: type=2000 audit(1551000861.820:1): state=initialized audit_enabled=0 res=1
[    0.324032] cpuidle: using governor ladder
[    0.328055] cpuidle: using governor menu
[    0.336197] ACPI: bus type PCI registered
[    0.340022] acpiphp: ACPI Hot Plug PCI Controller Driver version: 0.5
[    0.344656] PCI: Using configuration type 1 for base access
[    0.360299] HugeTLB registered 2.00 MiB page size, pre-allocated 0 pages
[    0.364524] ACPI: Added _OSI(Module Device)
[    0.368035] ACPI: Added _OSI(Processor Device)
[    0.372020] ACPI: Added _OSI(3.0 _SCP Extensions)
[    0.376018] ACPI: Added _OSI(Processor Aggregator Device)
[    0.380022] ACPI: Added _OSI(Linux-Dell-Video)
[    0.384027] ACPI: Added _OSI(Linux-Lenovo-NV-HDMI-Audio)
[    0.388031] ACPI: Added _OSI(Linux-HPI-Hybrid-Graphics)
[    0.393688] ACPI: Executed 1 blocks of module-level executable AML code
[    0.419059] ACPI: Interpreter enabled
[    0.424016] ACPI: (supports S0 S5)
[    0.428019] ACPI: Using IOAPIC for interrupt routing
[    0.436687] PCI: Using host bridge windows from ACPI; if necessary, use "pci=nocrs" and report a bug
[    0.440941] ACPI: Enabled 2 GPEs in block 00 to 07
[    0.495768] ACPI: PCI Root Bridge [PCI0] (domain 0000 [bus 00-ff])
[    0.496045] acpi PNP0A03:00: _OSC: OS supports [ASPM ClockPM Segments MSI]
[    0.500156] acpi PNP0A03:00: _OSC: not requesting OS control; OS requires [ExtendedConfig ASPM ClockPM MSI]
[    0.504093] acpi PNP0A03:00: fail to add MMCONFIG information, can't access extended PCI configuration space under this bridge.
[    0.512615] PCI host bridge to bus 0000:00
[    0.516033] pci_bus 0000:00: root bus resource [io  0x0000-0x0cf7 window]
[    0.520025] pci_bus 0000:00: root bus resource [io  0x0d00-0xffff window]
[    0.524034] pci_bus 0000:00: root bus resource [mem 0x000a0000-0x000bffff window]
[    0.528026] pci_bus 0000:00: root bus resource [mem 0x40000000-0xfdffffff window]
[    0.532032] pci_bus 0000:00: root bus resource [bus 00-ff]
[    0.549698] pci 0000:00:01.1: legacy IDE quirk: reg 0x10: [io  0x01f0-0x01f7]
[    0.552022] pci 0000:00:01.1: legacy IDE quirk: reg 0x14: [io  0x03f6]
[    0.556024] pci 0000:00:01.1: legacy IDE quirk: reg 0x18: [io  0x0170-0x0177]
[    0.560022] pci 0000:00:01.1: legacy IDE quirk: reg 0x1c: [io  0x0376]
[    0.638489] pci 0000:00:07.0: quirk: [io  0x4000-0x403f] claimed by PIIX4 ACPI
[    0.644037] pci 0000:00:07.0: quirk: [io  0x4100-0x410f] claimed by PIIX4 SMB
[    0.704669] ACPI: PCI Interrupt Link [LNKA] (IRQs 5 9 10 *11)
[    0.713396] ACPI: PCI Interrupt Link [LNKB] (IRQs 5 9 *10 11)
[    0.720889] ACPI: PCI Interrupt Link [LNKC] (IRQs 5 *9 10 11)
[    0.729615] ACPI: PCI Interrupt Link [LNKD] (IRQs 5 9 10 *11)
[    0.740089] SCSI subsystem initialized
[    0.748456] pci 0000:00:02.0: vgaarb: setting as boot VGA device
[    0.752000] pci 0000:00:02.0: vgaarb: VGA device added: decodes=io+mem,owns=io+mem,locks=none
[    0.800035] pci 0000:00:02.0: vgaarb: bridge control possible
[    0.816030] vgaarb: loaded
[    0.824179] ACPI: bus type USB registered
[    0.840129] usbcore: registered new interface driver usbfs
[    0.856092] usbcore: registered new interface driver hub
[    0.884144] usbcore: registered new device driver usb
[    0.892214] EDAC MC: Ver: 3.0.0
[    0.904258] PCI: Using ACPI for IRQ routing
[    0.928015] NetLabel: Initializing
[    0.940021] NetLabel:  domain hash size = 128
[    0.952021] NetLabel:  protocols = UNLABELED CIPSOv4 CALIPSO
[    0.964212] NetLabel:  unlabeled traffic allowed by default
[    0.980467] clocksource: Switched to clocksource kvm-clock
[    1.078238] VFS: Disk quotas dquot_6.6.0
[    1.090544] VFS: Dquot-cache hash table entries: 512 (order 0, 4096 bytes)
[    1.136118] AppArmor: AppArmor Filesystem Enabled
[    1.207642] pnp: PnP ACPI init
[    1.231609] pnp: PnP ACPI: found 3 devices
[    1.298219] clocksource: acpi_pm: mask: 0xffffff max_cycles: 0xffffff, max_idle_ns: 2085701024 nss
[    1.389096] NET: Registered protocol family 2
[    1.460661] TCP established hash table entries: 8192 (order: 4, 65536 bytes)
[    1.538799] TCP bind hash table entries: 8192 (order: 5, 131072 bytes)
[    1.596422] TCP: Hash tables configured (established 8192 bind 8192)
[    1.642756] UDP hash table entries: 512 (order: 2, 16384 bytes)
[    1.751020] UDP-Lite hash table entries: 512 (order: 2, 16384 bytes)
[    1.773886] NET: Registered protocol family 1
[    1.797216] pci 0000:00:00.0: Limiting direct PCI/PCI transfers
[    1.825334] pci 0000:00:01.0: Activating ISA DMA hang workarounds
[    1.845201] pci 0000:00:02.0: Video device with shadowed ROM at [mem 0x000c0000-0x000dffff]
[    1.876178] Unpacking initramfs...
[    3.703637] Freeing initrd memory: 19508K
[    3.741649] platform rtc_cmos: registered platform RTC device (no PNP device found)
[    3.755770] Scanning for low memory corruption every 60 seconds
[    3.774260] Initialise system trusted keyrings
[    3.793133] Key type blacklist registered
[    3.813118] workingset: timestamp_bits=36 max_order=18 bucket_order=0
[    3.846137] zbud: loaded
[    3.866439] squashfs: version 4.0 (2009/01/31) Phillip Lougher
[    3.895131] fuse init (API version 7.26)
[    3.928123] Key type asymmetric registered
[    3.935704] Asymmetric key parser 'x509' registered
[    3.958525] Block layer SCSI generic (bsg) driver version 0.4 loaded (major 246)
[    4.023779] io scheduler noop registered
[    4.037909] io scheduler deadline registered
[    4.055181] io scheduler cfq registered (default)
[    4.070602] ACPI: AC Adapter [AC] (off-line)
[    4.082996] input: Power Button as /devices/LNXSYSTM:00/LNXPWRBN:00/input/input0
[    4.094736] ACPI: Power Button [PWRF]
[    4.109979] input: Sleep Button as /devices/LNXSYSTM:00/LNXSLPBN:00/input/input1
[    4.124745] ACPI: Sleep Button [SLPF]
[    4.134648] Serial: 8250/16550 driver, 32 ports, IRQ sharing enabled
[    4.140904] ACPI: Battery Slot [BAT0] (battery present)
[    4.202464] 00:02: ttyS0 at I/O 0x3f8 (irq = 4, base_baud = 115200) is a 16550A
[    4.231567] Linux agpgart interface v0.103
[    4.263050] loop: module loaded
[    4.299139] scsi host0: ata_piix
[    4.342509] scsi host1: ata_piix
[    4.392317] ata1: PATA max UDMA/33 cmd 0x1f0 ctl 0x3f6 bmdma 0xd000 irq 14
[    4.496726] ata2: PATA max UDMA/33 cmd 0x170 ctl 0x376 bmdma 0xd008 irq 15
[    4.588568] libphy: Fixed MDIO Bus: probed
[    4.643704] tun: Universal TUN/TAP device driver, 1.6
[    4.673862] PPP generic driver version 2.4.2
[    4.723759] ehci_hcd: USB 2.0 'Enhanced' Host Controller (EHCI) Driver
[    4.769547] ehci-pci: EHCI PCI platform driver
[    4.782508] ehci-platform: EHCI generic platform driver
[    4.798388] ohci_hcd: USB 1.1 'Open' Host Controller (OHCI) Driver
[    4.814155] ohci-pci: OHCI PCI platform driver
[    4.830555] ohci-platform: OHCI generic platform driver
[    4.841822] uhci_hcd: USB Universal Host Controller Interface driver
[    4.859034] i8042: PNP: PS/2 Controller [PNP0303:PS2K,PNP0f03:PS2M] at 0x60,0x64 irq 1,12
[    4.903168] serio: i8042 KBD port at 0x60,0x64 irq 1
[    4.924429] serio: i8042 AUX port at 0x60,0x64 irq 12
[    4.942239] mousedev: PS/2 mouse device common for all mice
[    4.952193] input: AT Translated Set 2 keyboard as /devices/platform/i8042/serio0/input/input2
[    4.977544] rtc_cmos rtc_cmos: rtc core: registered rtc_cmos as rtc0
[    4.997010] rtc_cmos rtc_cmos: alarms up to one day, 114 bytes nvram
[    5.019145] i2c /dev entries driver
[    5.024820] pcie_mp2_amd: AMD(R) PCI-E MP2 Communication Driver Version: 1.0
[    5.054142] device-mapper: uevent: version 1.0.3
[    5.064146] device-mapper: ioctl: 4.37.0-ioctl (2017-09-20) initialised: dm-devel@redhat.com
[    5.076093] ledtrig-cpu: registered to indicate activity on CPUs
[    5.090483] NET: Registered protocol family 10
[    5.126450] Segment Routing with IPv6
[    5.139416] NET: Registered protocol family 17
[    5.154257] Key type dns_resolver registered
[    5.176469] RAS: Correctable Errors collector initialized.
[    5.192799] sched_clock: Marking stable (5192688939, 0)->(30925238805, -25732549866)
[    5.229286] registered taskstats version 1
[    5.266664] Loading compiled-in X.509 certificates
[    5.354766] Loaded X.509 cert 'Build time autogenerated kernel key: e3b8f44ffaaceef3e3a84cfaebd8e5a9acebeaad'
[    5.472633] zswap: loaded using pool lzo/zbud
[    5.542739] Key type big_key registered
[    5.582702] Key type trusted registered
[    5.624685] Key type encrypted registered
[    5.658772] AppArmor: AppArmor sha1 policy hashing enabled
[    5.668994] ima: No TPM chip found, activating TPM-bypass! (rc=-19)
[    5.717755] ima: Allocated hash algorithm: sha1
[    5.752886] evm: HMAC attrs: 0x1
[    5.771335]   Magic number: 7:760:576
[    5.795773] rtc_cmos rtc_cmos: setting system clock to 2019-02-24 09:34:41 UTC (1551000881)
[    5.865305] BIOS EDD facility v0.16 2004-Jun-25, 0 devices found
[    5.942992] EDD information not available.
[    5.989923] Freeing unused kernel memory: 2408K
[    6.039047] Write protecting the kernel read-only data: 20480k
[    7.847938] Freeing unused kernel memory: 2008K
[    8.039340] Freeing unused kernel memory: 1892K
[    8.427115] x86/mm: Checked W+X mappings: passed, no W+X pages found.
[    9.213714] x86/mm: Checking user space page tables
[   10.239332] x86/mm: Checked W+X mappings: passed, no W+X pages found.
Loading, please wait...
starting version 237
[   12.761939] e1000: Intel(R) PRO/1000 Network Driver - version 7.3.21-k8-NAPI
[   12.809874] e1000: Copyright (c) 1999-2006 Intel Corporation.
[   12.818769] Fusion MPT base driver 3.04.20
[   12.854902] Copyright (c) 1999-2008 LSI Corporation
[   12.941816] Fusion MPT SPI Host driver 3.04.20
[   13.002357] AVX2 version of gcm_enc/dec engaged.
[   13.026395] AES CTR mode by8 optimization enabled
[   13.110820] input: ImExPS/2 Generic Explorer Mouse as /devices/platform/i8042/serio1/input/input4
[   14.078900] e1000 0000:00:03.0 eth0: (PCI:33MHz:32-bit) 02:08:d5:b7:0c:b8
[   14.098321] e1000 0000:00:03.0 eth0: Intel(R) PRO/1000 Network Connection
[   14.986791] e1000 0000:00:08.0 eth1: (PCI:33MHz:32-bit) 08:00:27:0f:36:d7
[   15.013720] e1000 0000:00:08.0 eth1: Intel(R) PRO/1000 Network Connection
[   15.045502] clocksource: tsc: mask: 0xffffffffffffffff max_cycles: 0x22983777dd9, max_idle_ns: 440795300422 ns
[   15.178826] mptbase: ioc0: Initiating bringup
[   15.182377] e1000 0000:00:03.0 enp0s3: renamed from eth0
[   15.226226] e1000 0000:00:08.0 enp0s8: renamed from eth1
[   15.328076] ioc0: LSI53C1030 A0: Capabilities={Initiator}
[   17.206080] scsi host2: ioc0: LSI53C1030 A0, FwRev=00000000h, Ports=1, MaxQ=256, IRQ=20
[   21.046041] scsi 2:0:0:0: Direct-Access     VBOX     HARDDISK         1.0  PQ: 0 ANSI: 5
[   21.171606] scsi target2:0:0: Beginning Domain Validation
[   23.145362] scsi target2:0:0: Domain Validation skipping write tests
[   23.157579] scsi target2:0:0: Ending Domain Validation
[   23.180592] scsi target2:0:0: asynchronous
[   23.211531] random: fast init done
[   24.007553] scsi 2:0:1:0: Direct-Access     VBOX     HARDDISK         1.0  PQ: 0 ANSI: 5
[   26.952608] scsi target2:0:1: Beginning Domain Validation
[   27.137995] scsi target2:0:1: Domain Validation skipping write tests
[   28.205039] scsi target2:0:1: Ending Domain Validation
[   28.222914] scsi target2:0:1: asynchronous
[   28.273470] random: systemd-udevd: uninitialized urandom read (16 bytes read)
[   28.273985] sd 2:0:0:0: Attached scsi generic sg0 type 0
[   28.275962] sd 2:0:0:0: [sda] 20971520 512-byte logical blocks: (10.7 GB/10.0 GiB)
[   28.276293] sd 2:0:0:0: [sda] Write Protect is off
[   28.276836] sd 2:0:1:0: Attached scsi generic sg1 type 0
[   28.277819] sd 2:0:0:0: [sda] Incomplete mode parameter data
[   28.277826] sd 2:0:0:0: [sda] Assuming drive cache: write through
[   28.279925] sd 2:0:1:0: [sdb] 20480 512-byte logical blocks: (10.5 MB/10.0 MiB)
[   28.280906] sd 2:0:1:0: [sdb] Write Protect is off
[   28.281674] sd 2:0:1:0: [sdb] Incomplete mode parameter data
[   28.281688] sd 2:0:1:0: [sdb] Assuming drive cache: write through
[   28.283590]  sda: sda1
[   28.285905] sd 2:0:0:0: [sda] Attached SCSI disk
[   28.293840] sd 2:0:1:0: [sdb] Attached SCSI disk
[   28.536497] random: systemd-udevd: uninitialized urandom read (16 bytes read)
[   28.560461] random: systemd-udevd: uninitialized urandom read (16 bytes read)
Begin: Loading essential drivers ... [   32.392221] raid6: sse2x1   gen()  1527 MB/s
[   32.448463] raid6: sse2x1   xor()  1394 MB/s
[   32.500576] raid6: sse2x2   gen()  2908 MB/s
[   32.564508] raid6: sse2x2   xor()  1607 MB/s
[   32.624061] raid6: sse2x4   gen()  3177 MB/s
[   32.720205] raid6: sse2x4   xor()  1794 MB/s
[   32.788130] raid6: avx2x1   gen()  4502 MB/s
[   32.880277] raid6: avx2x1   xor()  3194 MB/s
[   32.960278] raid6: avx2x2   gen()  4247 MB/s
[   33.016730] raid6: avx2x2   xor()  2303 MB/s
[   33.072783] raid6: avx2x4   gen()  4261 MB/s
[   33.144857] raid6: avx2x4   xor()  3243 MB/s
[   33.160919] raid6: using algorithm avx2x1 gen() 4502 MB/s
[   33.180347] raid6: .... xor() 3194 MB/s, rmw enabled
[   33.194207] raid6: using avx2x2 recovery algorithm
[   33.216509] xor: automatically using best checksumming function   avx       
[   33.236838] async_tx: api initialized (async)
done.
Begin: Running /scripts/init-premount ... done.
Begin: Mounting root file system ... Begin: Running /scripts/local-top ... done.
Begin: Running /scripts/local-premount ... [   33.592199] Btrfs loaded, crc32c=crc32c-intel
Scanning for Btrfs filesystems
done.
Warning: fsck no[   33.791010] EXT4-fs (sda1): mounted filesystem with ordered data mode. Opts: (null)
t present, so skipping root file system
done.
Begin: Running /scripts/local-bottom ... done.
Begin: Running /scripts/init-bottom ... done.
[   34.512423] ip_tables: (C) 2000-2006 Netfilter Core Team
[   36.123114] systemd[1]: systemd 237 running in system mode. (+PAM +AUDIT +SELINUX +IMA +APPARMOR +SMACK +SYSVINIT +UTMP +LIBCRYPTSETUP +GCRYPT +GNUTLS +ACL +XZ +LZ4 +SECCOMP +BLKID +ELFUTILS +KMOD -IDN2 +IDN -PCRE2 default-hierarchy=hybrid)
[   39.909697] systemd[1]: Detected virtualization oracle.
[   40.216083] systemd[1]: Detected architecture x86-64.

Welcome to [1mUbuntu 18.04.1 LTS[0m!

[   41.598647] systemd[1]: Set hostname to <ubuntu-bionic>.
[   43.499854] random: crng init done
[   43.532984] random: 7 urandom warning(s) missed due to ratelimiting
[   44.257628] systemd[1]: Started Forward Password Requests to Wall Directory Watch.
[[0;32m  OK  [0m] Started Forward Password Requests to Wall Directory Watch.
[   44.300424] systemd[1]: Reached target Swap.
[[0;32m  OK  [0m] Reached target Swap.
[   44.344505] systemd[1]: Reached target System Time Synchronized.
[[0;32m  OK  [0m] Reached target System Time Synchronized.
[   44.402218] systemd[1]: Created slice System Slice.
[[0;32m  OK  [0m] Created slice System Slice.
[   44.443472] systemd[1]: Created slice system-postgresql.slice.
[[0;32m  OK  [0m] Created slice system-postgresql.slice.
[   44.481212] systemd[1]: Listening on /dev/initctl Compatibility Named Pipe.
[[0;32m  OK  [0m] Listening on /dev/initctl Compatibility Named Pipe.
[   44.568839] systemd[1]: Listening on udev Control Socket.
[[0;32m  OK  [0m] Listening on udev Control Socket.
[   44.641420] systemd[1]: Listening on Network Service Netlink Socket.
[[0;32m  OK  [0m] Listening on Network Service Netlink Socket.
[   44.778507] systemd[1]: Listening on LVM2 poll daemon socket.
[[0;32m  OK  [0m] Listening on LVM2 poll daemon socket.
[[0;32m  OK  [0m] Created slice system-serial\x2dgetty.slice.
[[0;32m  OK  [0m] Listening on Device-mapper event daemon FIFOs.
[[0;32m  OK  [0m] Listening on Journal Audit Socket.
[[0;32m  OK  [0m] Listening on Journal Socket (/dev/log).
[[0;32m  OK  [0m] Listening on LVM2 metadata daemon socket.
[[0;32m  OK  [0m] Listening on udev Kernel Socket.
[[0;32m  OK  [0m] Listening on Syslog Socket.
[[0;32m  OK  [0m] Reached target User and Group Name Lookups.
[[0;32m  OK  [0m] Set up automount Arbitrary Executabâ€¦rmats File System Automount Point.
[[0;32m  OK  [0m] Listening on Journal Socket.
         Mounting POSIX Message Queue File System...
         Starting Journal Service...
         Starting Create list of required stâ€¦ce nodes for the current kernel...
         Starting Uncomplicated firewall...
         Mounting Huge Pages File System...
         Starting udev Coldplug all Devices...
         Starting Set the console keyboard layout...
         Starting Remount Root and Kernel File Systems...
         Mounting Kernel Debug File System...
         Starting Load Kernel Modules...
[   45.683319] EXT4-fs (sda1): re-mounted. Opts: (null)
         Starting Monitoring of LVM2 mirrorsâ€¦ng dmeventd or progress polling...
[[0;32m  OK  [0m] Created slice User and Session Slice.
[[0;32m  OK  [0m] Reached target Slices.
[   46.265254] Loading iSCSI transport class v2.0-870.
[[0;32m  OK  [0m] Started Journal Service.
[[0;32m  OK  [0m] Mounted POSI[   46.346099] iscsi: registered transport (tcp)
X Message Queue File System.
[[0;32m  OK  [0m] Started Create list of required staâ€¦vice nodes for the current kernel.
[[0;32m  OK  [0m] Started Uncomplicated firewall.
[[0;32m  OK  [0m] Mounted Huge Pages File System.
[   46.486243] iscsi: registered transport (iser)
[[0;32m  OK  [0m] Started Remount Root and Kernel File Systems.
[[0;32m  OK  [0m] Mounted Kernel Debug File System.
[[0;32m  OK  [0m] Started Load Kernel Modules.
[[0;32m  OK  [0m] Started LVM2 metadata daemon.
         Starting Apply Kernel Variables...
         Mounting Kernel Configuration File System...
         Mounting FUSE Control File System...
         Starting Initial cloud-init job (pre-networking)...
         Starting Load/Save Random Seed...
         Starting Create Static Device Nodes in /dev...
         Starting Flush Journal to Persistent Storage...
[[0;32m  OK  [0m] Started Set the console keyboard layout.
[[0;32m  OK  [0m] Started Monitoring of LVM2 mirrors,â€¦sing dmeventd or progress polling.
[[0;32m  OK  [0m] Started udev Coldplug all Devices.
[[0;32m  OK  [0m] Started Apply Kernel Variables.
[[0;32m  OK  [0m] Mounted Kernel Configuration File System.
[[0;32m  OK  [0m] Mounted FUSE Control File System.
[[0;32m  OK  [0m] Started Load/Save Random Seed.
[[0;32m  OK  [0m] Started Create Static Device Nodes in /dev.
         Starting udev Kernel Device Manager...
[[0;32m  OK  [0m] Reached target Local File Systems (Pre).
[[0;32m  OK  [0m] Reached target Local File Systems.
         Starting Tell Plymouth To Write Out Runtime Data...
         Starting ebtables ruleset management...
         Starting AppArmor initialization...
         Starting Set console font and keymap...
[[0;32m  OK  [0m] Started Tell Plymouth To Write Out Runtime Data.
[[0;32m  OK  [0m] Started Set console font and keymap.
[[0;32m  OK  [0m] Started udev Kernel Device Manager.
[[0;32m  OK  [0m] Started Dispatch Password Requests to Console Directory Watch.
[[0;32m  OK  [0m] Reached target Local Encrypted Volumes.
[[0;32m  OK  [0m] Started ebtables ruleset management.
[[0;32m  OK  [0m] Started Flush Journal to Persistent Storage.
         Starting Create Volatile Files and Directories...
[[0;32m  OK  [0m] Started Create Volatile Files and Directories.
         Starting Update UTMP about System Boot/Shutdown...
[[0;32m  OK  [0m] Started Update UTMP about System Boot/Shutdown.
[[0;32m  OK  [0m] Started AppArmor initialization.
[[0;32m  OK  [0m] Found device /dev/ttyS0.
[[0;32m  OK  [0m] Listening on Load/Save RF Kill Switch Status /dev/rfkill Watch.
[   56.134084] cloud-init[433]: Cloud-init v. 18.3-9-g2e62cb8a-0ubuntu1~18.04.2 running 'init-local' at Sun, 24 Feb 2019 09:35:30 +0000. Up 54.77 seconds.
[[0;32m  OK  [0m] Started Initial cloud-init job (pre-networking).
[[0;32m  OK  [0m] Reached target Network (Pre).
         Starting Network Service...
[[0;32m  OK  [0m] Started Network Service.
         Starting Network Name Resolution...
         Starting Wait for Network to be Configured...
[[0;32m  OK  [0m] Started Network Name Resolution.
[[0;32m  OK  [0m] Reached target Host and Network Name Lookups.
[[0;32m  OK  [0m] Reached target Network.
[[0;32m  OK  [0m] Started Wait for Network to be Configured.
         Starting Initial cloud-init job (metadata service crawler)...
[   66.225736] cloud-init[667]: Cloud-init v. 18.3-9-g2e62cb8a-0ubuntu1~18.04.2 running 'init' at Sun, 24 Feb 2019 09:35:38 +0000. Up 62.85 seconds.
[   66.278060] cloud-init[667]: ci-info: ++++++++++++++++++++++++++++++++++++++Net device info+++++++++++++++++++++++++++++++++++++++
[   66.317247] cloud-init[667]: ci-info: +--------+------+-----------------------------+---------------+--------+-------------------+
[   66.365137] cloud-init[667]: ci-info: | Device |  Up  |           Address           |      Mask     | Scope  |     Hw-Address    |
[   66.424763] cloud-init[667]: ci-info: +--------+------+-----------------------------+---------------+--------+-------------------+
[   66.477555] cloud-init[667]: ci-info: | enp0s3 | True |          10.0.2.15          | 255.255.255.0 | global | 02:08:d5:b7:0c:b8 |
[   66.531880] cloud-init[667]: ci-info: | enp0s3 | True |   fe80::8:d5ff:feb7:cb8/64  |       .       |  link  | 02:08:d5:b7:0c:b8 |
[   66.613729] cloud-init[667]: ci-info: | enp0s8 | True |        192.168.33.10        | 255.255.255.0 | global | 08:00:27:0f:36:d7 |
[   66.672408] cloud-init[667]: ci-info: | enp0s8 | True | fe80::a00:27ff:fe0f:36d7/64 |       .       |  link  | 08:00:27:0f:36:d7 |
[   66.721204] cloud-init[667]: ci-info: |   lo   | True |          127.0.0.1          |   255.0.0.0   |  host  |         .         |
[   66.771503] cloud-init[667]: ci-info: |   lo   | True |           ::1/128           |       .       |  host  |         .         |
[   66.803931] cloud-init[667]: ci-info: +--------+------+-----------------------------+---------------+--------+-------------------+
[[0;32m  OK  [0m] Started Initial cloud-init job (metadata service crawler).
[   66.877895] [[0;32m  OK  [0m] Reached target Cloud-config availability.cloud-init
[667]: ci-info: +++++++++++++++++++++++++++++Route IPv4 info+++++++++++++++++++++++++++++
[[0;32m  OK  [0m] Reached target System Initialization.
[   67.006350] cloud-init[667]: ci-info: +-------+--------------+----------+-----------------+-----------+-------+
[   67.080864] cloud-init         Starting Socket activation for snappy daemon.
[667]: ci-info: | Route | Destination  | Gateway  |     Genmask     | Interface | Flags |
[[0;32m  OK  [0m] Listening on UUID daemon activation socket.
[   67.098265] cloud-init[667]: ci-info: +-------+--------------+----------+-----------------+-----------+-------+
         Starting LXD - unix socket.
[   67.201753] cloud-init[667]: ci-info: |   0   |   0.0.0.0    | 10.0.2.2 |     0.0.0.0     |   enp0s3  |   UG  |
[[0;32m  OK  [0m] Started Discard unused blocks once a week.
[   67.342897] [[0;32m  OK  [0m] Started Daily Cleanup of Temporary Directories.
cloud-init[667]: ci-info: |   1   |   10.0.2.0   | 0.0.0.0  |  255.255.255.0  |   enp0s3  |   U   |
[[0;32m  OK  [0m] Listening on D-Bus System Message Bus Socket.
[   67.458839] [[0;32m  OK  [0m] Started Message of the Day.
cloud-init[667]: ci-info: |   2   |   10.0.2.2   | 0.0.0.0  | 255.255.255.255 |   enp0s3  |   UH  |
[[0;32m  OK  [0m] Started Daily apt download activities.
[   67.531288] cloud-init[[667]: [0;32m  OK  [0mci-info: |   3   | 192.168.33.0 | 0.0.0.0  |  255.255.255.0  |   enp0s8  |   U   |] 
Started Daily apt upgrade and clean activities.
[[0;32m  OK  [0m] Reached target Timers.
[   67.635813] [[0;32m  OK  [0m] Listening on ACPID Listen Socket.
cloud-init[[0;32m  OK  [0m] [667]: Started ACPI Events Check.ci-info: +-------+--------------+----------+-----------------+-----------+-------+

[[0;32m  OK  [0m] Reached target Paths.
[   67.746734] [[0;32m  OK  [0m] Reached target Network is Online.
cloud-init[667]: ci-info: +++++++++++++++++++Route IPv6 info+++++++++++++++++++
         Starting iSCSI initiator daemon (iscsid)...
[[0;32m  OK  [0m] Listening on Socket activation for snappy daemon.
[[0;32m  OK  [0m] Listening on LXD - unix socket.
[   67.833698] cloud-init[667]: ci-info: +-------+-------------+---------+-----------+-------+
[[0;32m  OK  [0m] Reached target Sockets.
[   67.975502] [[0;32m  OK  [0m] Reached target Basic System.
cloud-init[667]: ci-info: | Route | Destination | Gateway | Interface | Flags |
         Starting LXD - container startup/shutdown...
[   68.078667] cloud-init[667]: ci-info: +-------+-------------+---------+-----------+-------+
[   68.165212] [cloud-init[0;32m  OK  [0m[667]: ] ci-info: |   1   |  fe80::/64  |    ::   |   enp0s8  |   U   |Started irqbalance daemon.

[[0;32m  OK  [0m] Started FUSE filesystem for LXC.
[   68.254223] cloud-init[667]: ci-info: |   2   |  fe80::/64  |    ::   |   enp0s3  |   U   |
[[0;32m  OK  [0m] Started Deferred execution scheduler.
[   68.340890] cloud-init[667]: ci-info: |   4   |    local    |    ::   |   enp0s3  |   U   |
[   68.471703] cloud-init[667]: ci-info: |   5   |    local    |    ::   |   enp0s8  |   U   |
         Starting vboxadd.service...
         Starting LSB: Record successful boot for GRUB...
[[0;32m  OK  [0m] Started D-Bus System Message Bus.
[   68.561129] cloud-init[667]: ci-info: |   6   |   ff00::/8  |    ::   |   enp0s8  |   U   |
[   68.707740] cloud-init[667]: ci-info: |   7   |   ff00::/8  |    ::   |   enp0s3  |   U   |
[   68.813231] cloud-init[667]: ci-info: +-------+-------------+---------+-----------+-------+
[[0;32m  OK  [0m] Started Regular background program processing daemon.
         Starting System Logging Service...
         Starting Accounts Service...
         Starting PostgreSQL Cluster 10-main...
         Starting Dispatcher daemon for systemd-networkd...
         Starting Login Service...
         Starting Resets System Activity Data Collector...
[[0;32m  OK  [0m] Started Unattended Upgrades Shutdown.
         Starting OpenBSD Secure Shell server...
         Starting Snappy daemon...
[[0;32m  OK  [0m] Started System Logging Service.
[[0;32m  OK  [0m] Started iSCSI initiator daemon (iscsid).
[[0;32m  OK  [0m] Started LXD - container startup/shutdown.
[[0;32m  OK  [0m] Started Resets System Activity Data Collector.
[[0;32m  OK  [0m] Reached target Remote File Systems (Pre).
[[0;32m  OK  [0m] Reached target Remote File Systems.
         Starting Permit User Sessions...
         Starting LSB: automatic crash report generation...
         Starting Availability of block devices...
[[0;32m  OK  [0m] Started Availability of block devices.
[[0;32m  OK  [0m] Started Permit User Sessions.
[[0;32m  OK  [0m] Started Login Service.
         Starting Terminate Plymouth Boot Screen...
         Starting Hold until boot process finishes up...
         Starting Authorization Manager...
[[0;32m  OK  [0m] Started Terminate Plymouth Boot Screen.
[[0;32m  OK  [0m] Started OpenBSD Secure Shell server.
[[0;32m  OK  [0m] Started LSB: Record successful boot for GRUB.
[[0;32m  OK  [0m] Started Hold until boot process finishes up.
[[0;32m  OK  [0m] Started Serial Getty on ttyS0.
         Starting Set console scheme...
[[0;32m  OK  [0m] Started Authorization Manager.
[[0;32m  OK  [0m] Started Set console scheme.
[[0;32m  OK  [0m] Started Accounts Service.
[[0;32m  OK  [0m] Created slice system-getty.slice.
[[0;32m  OK  [0m] Started Getty on tty1.
[[0;32m  OK  [0m] Reached target Login Prompts.
[[0;32m  OK  [0m] Started LSB: automatic crash report generation.
[[0;32m  OK  [0m] Started Snappy daemon.
         Starting Wait until snapd is fully seeded...
[[0;32m  OK  [0m] Started Wait until snapd is fully seeded.
         Starting Apply the settings specified in cloud-config...
[[0;32m  OK  [0m] Created slice User Slice of vagrant.
         Starting User Manager for UID 1000...
[[0;32m  OK  [0m] Started Session 1 of user vagrant.
[[0;32m  OK  [0m] Started vboxadd.service.
         Starting vboxadd-service.service...
[[0;32m  OK  [0m] Started User Manager for UID 1000.
[[0;32m  OK  [0m] Started vboxadd-service.service.
[[0;32m  OK  [0m] Started Dispatcher daemon for systemd-networkd.

Ubuntu 18.04.1 LTS ubuntu-bionic ttyS0

ubuntu-bionic login: [   82.929367] cloud-init[874]: Cloud-init v. 18.3-9-g2e62cb8a-0ubuntu1~18.04.2 running 'modules:config' at Sun, 24 Feb 2019 09:35:56 +0000. Up 81.21 seconds.
[   88.824631] cloud-init[1154]: Cloud-init v. 18.3-9-g2e62cb8a-0ubuntu1~18.04.2 running 'modules:final' at Sun, 24 Feb 2019 09:36:03 +0000. Up 87.45 seconds.
[   88.825612] cloud-init[1154]: Cloud-init v. 18.3-9-g2e62cb8a-0ubuntu1~18.04.2 finished at Sun, 24 Feb 2019 09:36:04 +0000. Datasource DataSourceNoCloud [seed=/dev/sdb][dsmode=net].  Up 88.75 seconds
